// Jest Snapshot v1, https://goo.gl/fbAQLP

exports[`<App /> renders correctly 1`] = `
<div
  className="App"
>
  <div
    className="App-header"
  >
    <h2>
      Welcome to Apollo
    </h2>
  </div>
  <ChannelsList />
</div>
`;
